[2026-05-19T06:33:16] controller starting. state_dir=/home/azureuser/office-qa/baselines/hermes_iter/runs/iter01  hours=23.0 max_iters=20
[2026-05-19T06:33:16] profile skills at start: 87
[2026-05-19T06:33:16] === iter-0: baseline test ===
[2026-05-19T07:02:47]   baseline test: 21/28 = 0.750
[2026-05-19T07:02:47] === iter-1: train ===
[2026-05-19T08:30:26]   train: 47/80 = 0.588
[2026-05-19T08:30:26] === iter-1: curator ===
[2026-05-19T08:30:29] === iter-1: eval ===
[2026-05-19T09:12:58]   eval: 18/25 = 0.720
[2026-05-19T09:12:58]   skills now: 87 (delta 0)
[2026-05-19T09:12:58]   NEW BEST eval: 0.720
[2026-05-19T09:12:58] === iter-2: train ===
[2026-05-19T10:44:04]   train: 53/80 = 0.662
[2026-05-19T10:44:04] === iter-2: curator ===
[2026-05-19T10:44:06] === iter-2: eval ===
[2026-05-19T11:19:49]   eval: 19/25 = 0.760
[2026-05-19T11:19:50]   skills now: 87 (delta 0)
[2026-05-19T11:19:50]   NEW BEST eval: 0.760
[2026-05-19T11:19:50] === iter-3: train ===
[2026-05-19T12:50:31]   train: 49/80 = 0.613
[2026-05-19T12:50:31] === iter-3: curator ===
[2026-05-19T12:50:33] === iter-3: eval ===
[2026-05-19T13:31:42]   eval: 19/25 = 0.760
[2026-05-19T13:31:42]   skills now: 87 (delta 0)
[2026-05-19T13:31:42]   no improvement (1/3)
[2026-05-19T13:31:42] === iter-4: train ===
[2026-05-19T15:12:21]   train: 52/80 = 0.650
[2026-05-19T15:12:21] === iter-4: curator ===
[2026-05-19T15:12:24] === iter-4: eval ===
[2026-05-19T15:47:37]   eval: 20/25 = 0.800
[2026-05-19T15:47:37]   skills now: 87 (delta 0)
[2026-05-19T15:47:37]   NEW BEST eval: 0.800
[2026-05-19T15:47:37] === iter-5: train ===
[2026-05-19T17:20:49]   train: 52/80 = 0.650
[2026-05-19T17:20:49] === iter-5: curator ===
[2026-05-19T17:20:52] === iter-5: eval ===
[2026-05-19T17:49:26]   eval: 18/25 = 0.720
[2026-05-19T17:49:27]   skills now: 87 (delta 0)
[2026-05-19T17:49:27]   no improvement (1/3)
[2026-05-19T17:49:27] === iter-6: train ===
[2026-05-19T19:21:19]   train: 52/80 = 0.650
[2026-05-19T19:21:19] === iter-6: curator ===
[2026-05-19T19:21:21] === iter-6: eval ===
[2026-05-19T19:59:10]   eval: 18/25 = 0.720
[2026-05-19T19:59:10]   skills now: 87 (delta 0)
[2026-05-19T19:59:10]   no improvement (2/3)
[2026-05-19T19:59:10] === iter-7: train ===
[2026-05-19T21:39:57]   train: 49/80 = 0.613
[2026-05-19T21:39:57] === iter-7: curator ===
[2026-05-19T21:40:00] === iter-7: eval ===
[2026-05-19T22:24:40]   eval: 20/25 = 0.800
[2026-05-19T22:24:41]   skills now: 87 (delta 0)
[2026-05-19T22:24:41]   no improvement (3/3)
[2026-05-19T22:24:41] plateau reached; stopping after iter 7
[2026-05-19T22:24:41] === final test ===
[2026-05-19T23:00:07]   final test: 20/28 = 0.714
[2026-05-19T23:00:07] DONE. wallclock=16.45h  iters=7  best_eval=0.800  final_test=0.714
