=== rc=0 elapsed=6852.7s ===
=== stdout ===
run_dir: /home/azureuser/office-qa/baselines/hermes_iter/runs/iter02/iter-4/train
split: /home/azureuser/office-qa/baselines/hermes_iter/splits/train.jsonl  rows: 80  concurrency: 4
profile_cmd: officeqa-iter-v2  extra_args: []
reflect: True  reflect_timeout: 900
[1/80] UID0097  ok  reflect(+0 skills)  elapsed=43.5s  wallclock=64s
[2/80] UID0094  ok  reflect(+0 skills)  elapsed=54.4s  wallclock=74s
[3/80] UID0193  ok  reflect(+0 skills)  elapsed=92.4s  wallclock=112s
[4/80] UID0035  ok  reflect(+0 skills)  elapsed=107.0s  wallclock=243s
[5/80] UID0204  ok  reflect(+0 skills)  elapsed=84.7s  wallclock=349s
[6/80] UID0044  ok  reflect(+0 skills)  elapsed=307.0s  wallclock=378s
[7/80] UID0003  ok  reflect(+0 skills)  elapsed=316.3s  wallclock=445s
[8/80] UID0211  ok  reflect(+0 skills)  elapsed=395.5s  wallclock=481s
[9/80] UID0015  ok  reflect(+0 skills)  elapsed=98.4s  wallclock=565s
[10/80] UID0136  ok  reflect(+0 skills)  elapsed=238.9s  wallclock=650s
[11/80] UID0228  ok  reflect(+0 skills)  elapsed=115.9s  wallclock=700s
[12/80] UID0174  ok  reflect(+0 skills)  elapsed=95.7s  wallclock=817s
[13/80] UID0028  ok  reflect(+0 skills)  elapsed=343.0s  wallclock=844s
[14/80] UID0012  ok  reflect(+0 skills)  elapsed=39.4s  wallclock=878s
[15/80] UID0071  ok  reflect(+0 skills)  elapsed=217.7s  wallclock=886s
[16/80] UID0056  ok  reflect(+0 skills)  elapsed=527.4s  wallclock=912s
[17/80] UID0055  ok  reflect(+0 skills)  elapsed=57.1s  wallclock=964s
[18/80] UID0101  ok  reflect(+0 skills)  elapsed=69.4s  wallclock=1009s
[19/80] UID0120  ok  reflect(+0 skills)  elapsed=134.3s  wallclock=1052s
[20/80] UID0179  ok  reflect(+0 skills)  elapsed=225.3s  wallclock=1102s
[21/80] UID0100  ok  reflect(+0 skills)  elapsed=73.0s  wallclock=1171s
[22/80] UID0201  ok  reflect(+0 skills)  elapsed=81.2s  wallclock=1270s
[23/80] UID0110  ok  reflect(+0 skills)  elapsed=551.1s  wallclock=1537s
[24/80] UID0057  ok  reflect(+0 skills)  elapsed=429.6s  wallclock=1647s
[25/80] UID0109  ok  reflect(+0 skills)  elapsed=98.0s  wallclock=1661s
[26/80] UID0113  ok  reflect(+0 skills)  elapsed=480.9s  wallclock=1773s
[27/80] UID0165  ok  reflect(+0 skills)  elapsed=51.5s  wallclock=1845s
[28/80] UID0216  ok  reflect(+0 skills)  elapsed=805.9s  wallclock=1888s
[29/80] UID0030  ok  reflect(+0 skills)  elapsed=441.3s  wallclock=2113s
[30/80] UID0065  ok  reflect(+0 skills)  elapsed=37.0s  wallclock=2172s
[31/80] UID0245  ok  reflect(+0 skills)  elapsed=1016.1s  wallclock=2777s
[32/80] UID0124  ok  reflect(+0 skills)  elapsed=211.1s  wallclock=3063s
[33/80] UID0212  ok  reflect(+0 skills)  elapsed=1305.2s  wallclock=3215s
[34/80] UID0214  ok  reflect(+0 skills)  elapsed=169.7s  wallclock=3312s
[35/80] UID0147  rc=-1  reflect(+0 skills)  elapsed=1500.2s  wallclock=3415s
[36/80] UID0188  ok  reflect(+0 skills)  elapsed=335.4s  wallclock=3582s
[37/80] UID0102  ok  reflect(+0 skills)  elapsed=61.9s  wallclock=3663s
[38/80] UID0004  ok  reflect(+0 skills)  elapsed=1492.6s  wallclock=3688s
[39/80] UID0025  ok  reflect(+0 skills)  elapsed=482.4s  wallclock=3819s
[40/80] UID0182  ok  reflect(+0 skills)  elapsed=329.9s  wallclock=3835s
[41/80] UID0117  ok  reflect(+0 skills)  elapsed=177.8s  wallclock=3921s
[42/80] UID0213  ok  reflect(+0 skills)  elapsed=406.7s  wallclock=4174s
[43/80] UID0170  ok  reflect(+0 skills)  elapsed=384.8s  wallclock=4223s
[44/80] UID0196  ok  reflect(+0 skills)  elapsed=139.3s  wallclock=4347s
[45/80] UID0114  ok  reflect(+0 skills)  elapsed=196.3s  wallclock=4444s
[46/80] UID0069  ok  reflect(+0 skills)  elapsed=72.3s  wallclock=4451s
[47/80] UID0059  ok  reflect(+0 skills)  elapsed=577.5s  wallclock=4520s
[48/80] UID0222  ok  reflect(+0 skills)  elapsed=49.5s  wallclock=4573s
[49/80] UID0077  ok  reflect(+0 skills)  elapsed=126.0s  wallclock=4598s
[50/80] UID0168  ok  reflect(+0 skills)  elapsed=789.2s  wallclock=4657s
[51/80] UID0207  ok  reflect(+0 skills)  elapsed=42.4s  wallclock=4661s
[52/80] UID0243  ok  reflect(+0 skills)  elapsed=102.4s  wallclock=4722s
[53/80] UID0083  ok  reflect(+0 skills)  elapsed=39.2s  wallclock=4726s
[54/80] UID0187  ok  reflect(+0 skills)  elapsed=226.8s  wallclock=4767s
[55/80] UID0036  ok  reflect(+0 skills)  elapsed=43.6s  wallclock=4786s
[56/80] UID0123  ok  reflect(+0 skills)  elapsed=37.7s  wallclock=4822s
[57/80] UID0155  ok  reflect(+0 skills)  elapsed=37.8s  wallclock=4883s
[58/80] UID0073  ok  reflect(+0 skills)  elapsed=61.9s  wallclock=4963s
[59/80] UID0037  ok  reflect(+0 skills)  elapsed=185.2s  wallclock=4989s
[60/80] UID0122  ok  reflect(+0 skills)  elapsed=56.2s  wallclock=5071s
[61/80] UID0175  ok  reflect(+0 skills)  elapsed=475.6s  wallclock=5162s
[62/80] UID0172  ok  reflect(+0 skills)  elapsed=118.2s  wallclock=5310s
[63/80] UID0154  ok  reflect(+0 skills)  elapsed=169.2s  wallclock=5503s
[64/80] UID0149  ok  reflect(+0 skills)  elapsed=660.4s  wallclock=5752s
[65/80] UID0029  ok  reflect(+0 skills)  elapsed=790.3s  wallclock=5805s
[66/80] UID0218  ok  reflect(+0 skills)  elapsed=67.9s  wallclock=5893s
[67/80] UID0140  ok  reflect(+0 skills)  elapsed=238.5s  wallclock=6010s
[68/80] UID0195  ok  reflect(+0 skills)  elapsed=516.5s  wallclock=6040s
[69/80] UID0203  ok  reflect(+0 skills)  elapsed=1205.2s  wallclock=6050s
[70/80] UID0161  ok  reflect(+0 skills)  elapsed=362.4s  wallclock=6278s
[71/80] UID0068  ok  reflect(+0 skills)  elapsed=42.6s  wallclock=6365s
[72/80] UID0013  ok  reflect(+0 skills)  elapsed=342.6s  wallclock=6373s
[73/80] UID0017  ok  reflect(+0 skills)  elapsed=35.9s  wallclock=6437s
[74/80] UID0093  ok  reflect(+0 skills)  elapsed=437.3s  wallclock=6509s
[75/80] UID0039  ok  reflect(+0 skills)  elapsed=496.6s  wallclock=6560s
[76/80] UID0244  ok  reflect(+0 skills)  elapsed=240.0s  wallclock=6625s
[77/80] UID0230  ok  reflect(+0 skills)  elapsed=225.4s  wallclock=6693s
[78/80] UID0112  ok  reflect(+0 skills)  elapsed=96.9s  wallclock=6745s
[79/80] UID0130  ok  reflect(+0 skills)  elapsed=205.4s  wallclock=6798s
[80/80] UID0027  ok  reflect(+0 skills)  elapsed=313.7s  wallclock=6853s

DONE. 80 rows in 6853s
reflection: skills 123 -> 123 (delta 0)

=== stderr ===

