=== rc=0 elapsed=5500.2s ===
=== stdout ===
run_dir: /home/azureuser/office-qa/baselines/hermes_iter/runs/iter02/iter-7/train
split: /home/azureuser/office-qa/baselines/hermes_iter/splits/train.jsonl  rows: 80  concurrency: 4
profile_cmd: officeqa-iter-v2  extra_args: []
reflect: True  reflect_timeout: 900
[1/80] UID0097  ok  reflect(+0 skills)  elapsed=35.6s  wallclock=56s
[2/80] UID0094  ok  reflect(+0 skills)  elapsed=58.3s  wallclock=77s
[3/80] UID0193  ok  reflect(+0 skills)  elapsed=90.7s  wallclock=119s
[4/80] UID0035  ok  reflect(+0 skills)  elapsed=195.3s  wallclock=302s
[5/80] UID0044  ok  reflect(+0 skills)  elapsed=284.6s  wallclock=326s
[6/80] UID0204  ok  reflect(+0 skills)  elapsed=41.9s  wallclock=365s
[7/80] UID0211  ok  reflect(+0 skills)  elapsed=389.4s  wallclock=466s
[8/80] UID0136  ok  reflect(+0 skills)  elapsed=101.9s  wallclock=486s
[9/80] UID0003  ok  reflect(+0 skills)  elapsed=365.0s  wallclock=504s
[10/80] UID0015  ok  reflect(+0 skills)  elapsed=65.7s  wallclock=552s
[11/80] UID0228  ok  reflect(+0 skills)  elapsed=95.3s  wallclock=620s
[12/80] UID0028  ok  reflect(+0 skills)  elapsed=178.8s  wallclock=697s
[13/80] UID0071  ok  reflect(+0 skills)  elapsed=145.9s  wallclock=719s
[14/80] UID0012  ok  reflect(+0 skills)  elapsed=38.3s  wallclock=756s
[15/80] UID0174  ok  reflect(+0 skills)  elapsed=116.0s  wallclock=757s
[16/80] UID0055  ok  reflect(+0 skills)  elapsed=38.3s  wallclock=844s
[17/80] UID0179  ok  reflect(+0 skills)  elapsed=111.5s  wallclock=850s
[18/80] UID0056  ok  reflect(+0 skills)  elapsed=564.6s  wallclock=914s
[19/80] UID0101  ok  reflect(+0 skills)  elapsed=46.2s  wallclock=931s
[20/80] UID0120  ok  reflect(+0 skills)  elapsed=224.3s  wallclock=1000s
[21/80] UID0100  ok  reflect(+0 skills)  elapsed=102.4s  wallclock=1065s
[22/80] UID0216  ok  reflect(+0 skills)  elapsed=177.1s  wallclock=1116s
[23/80] UID0201  ok  reflect(+0 skills)  elapsed=39.5s  wallclock=1125s
[24/80] UID0110  ok  reflect(+0 skills)  elapsed=257.4s  wallclock=1127s
[25/80] UID0109  ok  reflect(+0 skills)  elapsed=59.4s  wallclock=1214s
[26/80] UID0113  ok  reflect(+0 skills)  elapsed=266.8s  wallclock=1406s
[27/80] UID0057  ok  reflect(+0 skills)  elapsed=433.6s  wallclock=1477s
[28/80] UID0165  ok  reflect(+0 skills)  elapsed=46.4s  wallclock=1484s
[29/80] UID0245  ok  reflect(+0 skills)  elapsed=246.7s  wallclock=1493s
[30/80] UID0065  ok  reflect(+0 skills)  elapsed=33.9s  wallclock=1546s
[31/80] UID0212  ok  reflect(+0 skills)  elapsed=167.2s  wallclock=1669s
[32/80] UID0030  ok  reflect(+0 skills)  elapsed=669.5s  wallclock=1846s
[33/80] UID0124  ok  reflect(+0 skills)  elapsed=695.1s  wallclock=2383s
[34/80] UID0214  ok  reflect(+0 skills)  elapsed=479.0s  wallclock=2391s
[35/80] UID0004  ok  reflect(+0 skills)  elapsed=891.1s  wallclock=2463s
[36/80] UID0147  ok  reflect(+0 skills)  elapsed=1051.4s  wallclock=2548s
[37/80] UID0188  ok  reflect(+0 skills)  elapsed=184.4s  wallclock=2589s
[38/80] UID0102  ok  reflect(+0 skills)  elapsed=136.5s  wallclock=2704s
[39/80] UID0025  ok  reflect(+0 skills)  elapsed=294.6s  wallclock=2705s
[40/80] UID0182  ok  reflect(+0 skills)  elapsed=239.3s  wallclock=2722s
[41/80] UID0117  ok  reflect(+0 skills)  elapsed=404.1s  wallclock=3138s
[42/80] UID0170  ok  reflect(+0 skills)  elapsed=467.5s  wallclock=3192s
[43/80] UID0213  ok  reflect(+0 skills)  elapsed=662.8s  wallclock=3272s
[44/80] UID0196  ok  reflect(+0 skills)  elapsed=77.3s  wallclock=3308s
[45/80] UID0069  ok  reflect(+0 skills)  elapsed=62.8s  wallclock=3417s
[46/80] UID0114  ok  reflect(+0 skills)  elapsed=198.0s  wallclock=3492s
[47/80] UID0222  ok  reflect(+0 skills)  elapsed=40.4s  wallclock=3535s
[48/80] UID0077  ok  reflect(+0 skills)  elapsed=127.3s  wallclock=3698s
[49/80] UID0059  ok  reflect(+0 skills)  elapsed=577.3s  wallclock=3767s
[50/80] UID0187  ok  reflect(+0 skills)  elapsed=278.2s  wallclock=3831s
[51/80] UID0168  ok  reflect(+0 skills)  elapsed=1125.4s  wallclock=3880s
[52/80] UID0083  ok  reflect(+0 skills)  elapsed=31.5s  wallclock=3890s
[53/80] UID0207  ok  reflect(+0 skills)  elapsed=249.0s  wallclock=3972s
[54/80] UID0036  ok  reflect(+0 skills)  elapsed=38.5s  wallclock=3998s
[55/80] UID0155  ok  reflect(+0 skills)  elapsed=63.0s  wallclock=4065s
[56/80] UID0123  ok  reflect(+0 skills)  elapsed=63.2s  wallclock=4083s
[57/80] UID0037  ok  reflect(+0 skills)  elapsed=70.9s  wallclock=4156s
[58/80] UID0243  ok  reflect(+0 skills)  elapsed=254.4s  wallclock=4161s
[59/80] UID0073  ok  reflect(+0 skills)  elapsed=50.8s  wallclock=4226s
[60/80] UID0175  ok  reflect(+0 skills)  elapsed=360.2s  wallclock=4260s
[61/80] UID0122  ok  reflect(+0 skills)  elapsed=105.3s  wallclock=4287s
[62/80] UID0172  ok  reflect(+0 skills)  elapsed=293.4s  wallclock=4619s
[63/80] UID0203  ok  reflect(+0 skills)  elapsed=522.4s  wallclock=4625s
[64/80] UID0149  ok  reflect(+0 skills)  elapsed=369.8s  wallclock=4650s
[65/80] UID0154  ok  reflect(+0 skills)  elapsed=71.5s  wallclock=4711s
[66/80] UID0140  ok  reflect(+0 skills)  elapsed=146.6s  wallclock=4817s
[67/80] UID0195  ok  reflect(+0 skills)  elapsed=214.4s  wallclock=4858s
[68/80] UID0029  ok  reflect(+0 skills)  elapsed=631.0s  wallclock=4878s
[69/80] UID0218  ok  reflect(+0 skills)  elapsed=110.6s  wallclock=4905s
[70/80] UID0013  ok  reflect(+0 skills)  elapsed=137.3s  wallclock=5016s
[71/80] UID0039  ok  reflect(+0 skills)  elapsed=118.8s  wallclock=5016s
[72/80] UID0161  ok  reflect(+0 skills)  elapsed=184.8s  wallclock=5039s
[73/80] UID0017  ok  reflect(+0 skills)  elapsed=51.7s  wallclock=5111s
[74/80] UID0068  ok  reflect(+0 skills)  elapsed=83.5s  wallclock=5133s
[75/80] UID0093  ok  reflect(+0 skills)  elapsed=217.4s  wallclock=5142s
[76/80] UID0230  ok  reflect(+0 skills)  elapsed=130.6s  wallclock=5264s
[77/80] UID0244  ok  reflect(+0 skills)  elapsed=150.1s  wallclock=5276s
[78/80] UID0112  ok  reflect(+0 skills)  elapsed=117.7s  wallclock=5411s
[79/80] UID0130  ok  reflect(+0 skills)  elapsed=248.9s  wallclock=5423s
[80/80] UID0027  ok  reflect(+0 skills)  elapsed=333.8s  wallclock=5500s

DONE. 80 rows in 5500s
reflection: skills 123 -> 123 (delta 0)

=== stderr ===

