=== rc=0 elapsed=4854.5s ===
=== stdout ===
run_dir: /home/azureuser/office-qa/baselines/hermes_iter/runs/iter02/iter-6/train
split: /home/azureuser/office-qa/baselines/hermes_iter/splits/train.jsonl  rows: 80  concurrency: 4
profile_cmd: officeqa-iter-v2  extra_args: []
reflect: True  reflect_timeout: 900
[1/80] UID0097  ok  reflect(+0 skills)  elapsed=32.9s  wallclock=50s
[2/80] UID0094  ok  reflect(+0 skills)  elapsed=49.0s  wallclock=68s
[3/80] UID0193  ok  reflect(+0 skills)  elapsed=184.4s  wallclock=205s
[4/80] UID0211  ok  reflect(+0 skills)  elapsed=164.0s  wallclock=233s
[5/80] UID0035  ok  reflect(+0 skills)  elapsed=110.4s  wallclock=257s
[6/80] UID0044  ok  reflect(+0 skills)  elapsed=268.6s  wallclock=291s
[7/80] UID0204  ok  reflect(+0 skills)  elapsed=63.1s  wallclock=313s
[8/80] UID0015  ok  reflect(+0 skills)  elapsed=75.2s  wallclock=414s
[9/80] UID0056  ok  reflect(+0 skills)  elapsed=232.4s  wallclock=510s
[10/80] UID0136  ok  reflect(+0 skills)  elapsed=252.6s  wallclock=573s
[11/80] UID0028  ok  reflect(+0 skills)  elapsed=173.4s  wallclock=618s
[12/80] UID0228  ok  reflect(+0 skills)  elapsed=102.5s  wallclock=633s
[13/80] UID0174  ok  reflect(+0 skills)  elapsed=48.4s  wallclock=687s
[14/80] UID0071  ok  reflect(+0 skills)  elapsed=98.3s  wallclock=690s
[15/80] UID0012  ok  reflect(+0 skills)  elapsed=71.7s  wallclock=724s
[16/80] UID0055  ok  reflect(+0 skills)  elapsed=27.0s  wallclock=736s
[17/80] UID0003  ok  reflect(+0 skills)  elapsed=529.0s  wallclock=764s
[18/80] UID0179  ok  reflect(+0 skills)  elapsed=73.5s  wallclock=778s
[19/80] UID0120  ok  reflect(+0 skills)  elapsed=49.8s  wallclock=803s
[20/80] UID0101  ok  reflect(+0 skills)  elapsed=52.0s  wallclock=818s
[21/80] UID0216  ok  reflect(+0 skills)  elapsed=110.7s  wallclock=912s
[22/80] UID0201  ok  reflect(+0 skills)  elapsed=63.6s  wallclock=1003s
[23/80] UID0110  ok  reflect(+0 skills)  elapsed=356.1s  wallclock=1141s
[24/80] UID0109  ok  reflect(+0 skills)  elapsed=54.6s  wallclock=1224s
[25/80] UID0057  ok  reflect(+0 skills)  elapsed=387.4s  wallclock=1224s
[26/80] UID0113  ok  reflect(+0 skills)  elapsed=210.5s  wallclock=1238s
[27/80] UID0165  ok  reflect(+0 skills)  elapsed=43.6s  wallclock=1300s
[28/80] UID0100  ok  reflect(+0 skills)  elapsed=619.2s  wallclock=1463s
[29/80] UID0212  ok  reflect(+0 skills)  elapsed=135.6s  wallclock=1620s
[30/80] UID0030  ok  reflect(+0 skills)  elapsed=388.0s  wallclock=1642s
[31/80] UID0245  ok  reflect(+0 skills)  elapsed=255.8s  wallclock=1661s
[32/80] UID0065  ok  reflect(+0 skills)  elapsed=36.2s  wallclock=1677s
[33/80] UID0124  ok  reflect(+0 skills)  elapsed=87.1s  wallclock=1771s
[34/80] UID0004  ok  reflect(+0 skills)  elapsed=236.4s  wallclock=1898s
[35/80] UID0214  ok  reflect(+0 skills)  elapsed=171.9s  wallclock=1930s
[36/80] UID0188  ok  reflect(+0 skills)  elapsed=213.2s  wallclock=2006s
[37/80] UID0182  ok  reflect(+0 skills)  elapsed=78.6s  wallclock=2028s
[38/80] UID0025  ok  reflect(+0 skills)  elapsed=173.3s  wallclock=2102s
[39/80] UID0102  ok  reflect(+0 skills)  elapsed=58.1s  wallclock=2136s
[40/80] UID0170  ok  reflect(+0 skills)  elapsed=117.3s  wallclock=2271s
[41/80] UID0147  ok  reflect(+0 skills)  elapsed=964.6s  wallclock=2310s
[42/80] UID0213  ok  reflect(+0 skills)  elapsed=380.6s  wallclock=2428s
[43/80] UID0117  ok  reflect(+0 skills)  elapsed=353.6s  wallclock=2488s
[44/80] UID0196  ok  reflect(+0 skills)  elapsed=69.3s  wallclock=2528s
[45/80] UID0059  ok  reflect(+0 skills)  elapsed=202.0s  wallclock=2544s
[46/80] UID0069  ok  reflect(+0 skills)  elapsed=43.2s  wallclock=2627s
[47/80] UID0222  ok  reflect(+0 skills)  elapsed=83.1s  wallclock=2662s
[48/80] UID0077  ok  reflect(+0 skills)  elapsed=60.7s  wallclock=2708s
[49/80] UID0207  ok  reflect(+0 skills)  elapsed=36.9s  wallclock=2769s
[50/80] UID0243  ok  reflect(+0 skills)  elapsed=112.2s  wallclock=2899s
[51/80] UID0168  ok  reflect(+0 skills)  elapsed=621.6s  wallclock=2912s
[52/80] UID0114  ok  reflect(+0 skills)  elapsed=449.6s  wallclock=2958s
[53/80] UID0187  ok  reflect(+0 skills)  elapsed=278.5s  wallclock=2961s
[54/80] UID0083  ok  reflect(+0 skills)  elapsed=55.8s  wallclock=2974s
[55/80] UID0036  ok  reflect(+0 skills)  elapsed=46.6s  wallclock=3026s
[56/80] UID0155  ok  reflect(+0 skills)  elapsed=51.8s  wallclock=3032s
[57/80] UID0123  ok  reflect(+0 skills)  elapsed=48.1s  wallclock=3052s
[58/80] UID0073  ok  reflect(+0 skills)  elapsed=50.3s  wallclock=3122s
[59/80] UID0037  ok  reflect(+0 skills)  elapsed=132.6s  wallclock=3176s
[60/80] UID0122  ok  reflect(+0 skills)  elapsed=41.4s  wallclock=3185s
[61/80] UID0175  ok  reflect(+0 skills)  elapsed=453.0s  wallclock=3387s
[62/80] UID0172  ok  reflect(+0 skills)  elapsed=297.6s  wallclock=3751s
[63/80] UID0149  ok  reflect(+0 skills)  elapsed=674.7s  wallclock=3882s
[64/80] UID0203  ok  reflect(+0 skills)  elapsed=851.2s  wallclock=3904s
[65/80] UID0154  ok  reflect(+0 skills)  elapsed=143.0s  wallclock=3917s
[66/80] UID0218  ok  reflect(+0 skills)  elapsed=46.4s  wallclock=4020s
[67/80] UID0029  ok  reflect(+0 skills)  elapsed=917.2s  wallclock=4117s
[68/80] UID0195  ok  reflect(+0 skills)  elapsed=301.9s  wallclock=4215s
[69/80] UID0013  ok  reflect(+0 skills)  elapsed=98.1s  wallclock=4276s
[70/80] UID0140  ok  reflect(+0 skills)  elapsed=461.1s  wallclock=4395s
[71/80] UID0039  ok  reflect(+0 skills)  elapsed=222.7s  wallclock=4455s
[72/80] UID0161  ok  reflect(+0 skills)  elapsed=388.0s  wallclock=4478s
[73/80] UID0068  ok  reflect(+0 skills)  elapsed=67.4s  wallclock=4486s
[74/80] UID0017  ok  reflect(+0 skills)  elapsed=28.4s  wallclock=4552s
[75/80] UID0093  ok  reflect(+0 skills)  elapsed=332.7s  wallclock=4629s
[76/80] UID0230  ok  reflect(+0 skills)  elapsed=149.9s  wallclock=4655s
[77/80] UID0244  ok  reflect(+0 skills)  elapsed=197.9s  wallclock=4674s
[78/80] UID0112  ok  reflect(+0 skills)  elapsed=62.7s  wallclock=4737s
[79/80] UID0027  ok  reflect(+0 skills)  elapsed=171.0s  wallclock=4753s
[80/80] UID0130  ok  reflect(+0 skills)  elapsed=195.9s  wallclock=4854s

DONE. 80 rows in 4854s
reflection: skills 123 -> 123 (delta 0)

=== stderr ===

