=== rc=0 elapsed=5592.1s ===
=== stdout ===
run_dir: /home/azureuser/office-qa/baselines/hermes_iter/runs/iter01/iter-5/train
split: /home/azureuser/office-qa/baselines/hermes_iter/splits/train.jsonl  rows: 80  concurrency: 4
profile_cmd: officeqa-iter  extra_args: []
[1/80] UID0094  ok  elapsed=41.6s  wallclock=42s
[2/80] UID0097  ok  elapsed=41.7s  wallclock=42s
[3/80] UID0193  ok  elapsed=72.7s  wallclock=73s
[4/80] UID0035  ok  elapsed=89.7s  wallclock=131s
[5/80] UID0204  ok  elapsed=38.0s  wallclock=169s
[6/80] UID0003  ok  elapsed=385.6s  wallclock=458s
[7/80] UID0044  ok  elapsed=483.9s  wallclock=484s
[8/80] UID0015  ok  elapsed=51.9s  wallclock=536s
[9/80] UID0211  ok  elapsed=624.7s  wallclock=666s
[10/80] UID0028  ok  elapsed=184.7s  wallclock=721s
[11/80] UID0136  ok  elapsed=330.8s  wallclock=789s
[12/80] UID0228  ok  elapsed=134.6s  wallclock=801s
[13/80] UID0174  ok  elapsed=58.3s  wallclock=847s
[14/80] UID0071  ok  elapsed=132.0s  wallclock=853s
[15/80] UID0012  ok  elapsed=56.7s  wallclock=858s
[16/80] UID0055  ok  elapsed=26.7s  wallclock=879s
[17/80] UID0120  ok  elapsed=109.0s  wallclock=967s
[18/80] UID0101  ok  elapsed=89.5s  wallclock=969s
[19/80] UID0056  ok  elapsed=799.8s  wallclock=969s
[20/80] UID0179  ok  elapsed=181.5s  wallclock=1029s
[21/80] UID0100  ok  elapsed=165.2s  wallclock=1135s
[22/80] UID0201  ok  elapsed=72.6s  wallclock=1207s
[23/80] UID0113  ok  elapsed=124.4s  wallclock=1332s
[24/80] UID0216  ok  elapsed=462.9s  wallclock=1432s
[25/80] UID0110  ok  elapsed=510.8s  wallclock=1477s
[26/80] UID0109  ok  elapsed=165.6s  wallclock=1497s
[27/80] UID0165  ok  elapsed=158.7s  wallclock=1656s
[28/80] UID0057  ok  elapsed=695.8s  wallclock=1725s
[29/80] UID0212  ok  elapsed=247.5s  wallclock=1972s
[30/80] UID0065  ok  elapsed=47.3s  wallclock=2020s
[31/80] UID0245  ok  elapsed=720.4s  wallclock=2198s
[32/80] UID0124  ok  elapsed=90.3s  wallclock=2288s
[33/80] UID0004  ok  elapsed=499.0s  wallclock=2519s
[34/80] UID0214  ok  elapsed=302.2s  wallclock=2590s
[35/80] UID0147  ok  elapsed=959.3s  wallclock=2615s
[36/80] UID0030  ok  elapsed=1237.9s  wallclock=2670s
[37/80] UID0025  ok  elapsed=113.2s  wallclock=2704s
[38/80] UID0102  ok  elapsed=56.1s  wallclock=2726s
[39/80] UID0182  ok  elapsed=186.4s  wallclock=2802s
[40/80] UID0188  ok  elapsed=335.2s  wallclock=2854s
[41/80] UID0170  ok  elapsed=175.6s  wallclock=2977s
[42/80] UID0117  ok  elapsed=312.7s  wallclock=3038s
[43/80] UID0196  ok  elapsed=68.9s  wallclock=3107s
[44/80] UID0213  ok  elapsed=410.5s  wallclock=3114s
[45/80] UID0069  ok  elapsed=80.5s  wallclock=3195s
[46/80] UID0059  ok  elapsed=217.9s  wallclock=3195s
[47/80] UID0168  ok  elapsed=383.4s  wallclock=3237s
[48/80] UID0222  ok  elapsed=114.9s  wallclock=3310s
[49/80] UID0207  ok  elapsed=47.4s  wallclock=3357s
[50/80] UID0077  ok  elapsed=180.1s  wallclock=3375s
[51/80] UID0187  ok  elapsed=430.3s  wallclock=3668s
[52/80] UID0083  ok  elapsed=333.2s  wallclock=3708s
[53/80] UID0243  ok  elapsed=355.8s  wallclock=3713s
[54/80] UID0155  ok  elapsed=70.2s  wallclock=3783s
[55/80] UID0036  ok  elapsed=118.9s  wallclock=3827s
[56/80] UID0114  ok  elapsed=779.1s  wallclock=3887s
[57/80] UID0037  ok  elapsed=104.3s  wallclock=3932s
[58/80] UID0073  ok  elapsed=78.8s  wallclock=4010s
[59/80] UID0123  ok  elapsed=278.5s  wallclock=4061s
[60/80] UID0122  ok  elapsed=175.6s  wallclock=4186s
[61/80] UID0175  ok  elapsed=568.5s  wallclock=4236s
[62/80] UID0172  ok  elapsed=132.5s  wallclock=4369s
[63/80] UID0154  ok  elapsed=51.9s  wallclock=4420s
[64/80] UID0203  ok  elapsed=558.3s  wallclock=4445s
[65/80] UID0140  ok  elapsed=213.6s  wallclock=4658s
[66/80] UID0149  ok  elapsed=476.7s  wallclock=4663s
[67/80] UID0218  ok  elapsed=41.2s  wallclock=4700s
[68/80] UID0161  ok  elapsed=254.5s  wallclock=4917s
[69/80] UID0195  ok  elapsed=552.7s  wallclock=4973s
[70/80] UID0039  ok  elapsed=200.6s  wallclock=5118s
[71/80] UID0029  ok  elapsed=1107.9s  wallclock=5169s
[72/80] UID0013  ok  elapsed=508.9s  wallclock=5209s
[73/80] UID0068  ok  elapsed=103.9s  wallclock=5222s
[74/80] UID0017  ok  elapsed=48.0s  wallclock=5256s
[75/80] UID0093  ok  elapsed=384.9s  wallclock=5358s
[76/80] UID0230  ok  elapsed=161.2s  wallclock=5383s
[77/80] UID0112  ok  elapsed=93.6s  wallclock=5476s
[78/80] UID0244  ok  elapsed=332.3s  wallclock=5502s
[79/80] UID0027  ok  elapsed=263.9s  wallclock=5520s
[80/80] UID0130  ok  elapsed=233.9s  wallclock=5592s

DONE. 80 rows in 5592s

=== stderr ===

